// Jest Snapshot v1, https://goo.gl/fbAQLP

exports[`Snapshot - renders correctly 1`] = `
<div
  className="sc-bdVaJa hKAetY"
>
  
  <div
    className="sc-bwzfXH hJUxOZ"
    width="20px"
  >
    <input
      className="sc-htpNat bUMdcJ"
      onChange={[MockFunction]}
      onKeyDown={[MockFunction]}
      placeholder="0"
      value=""
    />
  </div>
</div>
`;
